// Jest Snapshot v1, https://goo.gl/fbAQLP

exports[`should render <App /> 1`] = `
<div>
  <div>
    <h1>
      Sketch
    </h1>
    <div>
      <h2>
        Welcome to Sketch the Drawing Game!
      </h2>
      <h3>
        This is a game inspired by Google's "Quick, Draw!" - You'll have to draw quickly!
      </h3>
      <br />
    </div>
    <a
      href="/game"
      onClick={[Function]}
    >
      Proceed
    </a>
  </div>
</div>
`;
